
> aws-amplify-gen2@0.1.0 build
> next build

  ??Next.js 14.2.30
  - Environments: .env.local

   Creating an optimized production build ...
npm : Browserslist: caniuse-lite is outdated. Please run:
位於 線路:1 字元:1
+ npm run build *> build-output.log
+ ~~~~~~~~~~~~~~~~~~~~~~~~~~~~~~~~~
    + CategoryInfo          : NotSpecified: (Browserslist: c...ed. Please run: 
   :String) [], RemoteException
    + FullyQualifiedErrorId : NativeCommandError
 
  npx update-browserslist-db@latest
  Why you should do it regularly: https://github.com/browserslist/update-db#rea
dme
Browserslist: caniuse-lite is outdated. Please run:
  npx update-browserslist-db@latest
  Why you should do it regularly: https://github.com/browserslist/update-db#rea
dme
 ??Compiled successfully
   Linting and checking validity of types ...
   Collecting page data ...
unhandledRejection Error [PageNotFoundError]: Cannot find module for page: /_do
cument
    at getPagePath (D:\Downloads\ai_4kingdom_fork\ai_4kingdom\node_modules\next
\dist\server\require.js:94:15)
    at requirePage (D:\Downloads\ai_4kingdom_fork\ai_4kingdom\node_modules\next
\dist\server\require.js:99:22)
    at D:\Downloads\ai_4kingdom_fork\ai_4kingdom\node_modules\next\dist\server\
load-components.js:72:65
    at process.processTicksAndRejections (node:internal/process/task_queues:95:
5)
    at async Promise.all (index 0)
    at async loadComponentsImpl (D:\Downloads\ai_4kingdom_fork\ai_4kingdom\node
_modules\next\dist\server\load-components.js:71:33)
    at async Object.getDefinedNamedExports (D:\Downloads\ai_4kingdom_fork\ai_4k
ingdom\node_modules\next\dist\build\utils.js:1291:24) {
  type: 'PageNotFoundError',
  code: 'ENOENT'
}
